[socialblade.com/youtube/user/pewdiepie/realtime.html]
[backblue.gif]
[fade.gif]
[index.html]
[socialblade.com/images/share-badge.png]
[socialblade.com/images/SocialbladeBadge.png]
[socialblade.com/apple-touch-icon.png]
[socialblade.com/apple-touch-icon-57x57.png]
[socialblade.com/apple-touch-icon-72x72.png]
[socialblade.com/apple-touch-icon-76x76.png]
[socialblade.com/apple-touch-icon-114x114.png]
[socialblade.com/apple-touch-icon-120x120.png]
[socialblade.com/apple-touch-icon-144x144.png]
[socialblade.com/apple-touch-icon-152x152.png]
[socialblade.com/apple-touch-icon-180x180.png]
[socialblade.com/css/main2ed8.css]
[socialblade.com/css/jquery.nouislider.min.css]
[socialblade.com/css/flip/odometer-theme-car2ed8.css]
[socialblade.com/css/flip/odometer-theme-minimal.css]
[socialblade.com/css/realtime2ed8.css]
[socialblade.com/css/jquery.tags2ed8.css]
[use.fontawesome.com/64cd5ce7ff.js]
[ajax.googleapis.com/ajax/libs/jquery/1.11.1/jquery.min.js]
[www.google-analytics.com/analytics.js]
[cdm.cursecdn.com/js/socialblade/cdmfactorem_min140a.js]
[socialblade.com/images/header-logo67d9.png]
[cdnjs.cloudflare.com/ajax/libs/dygraph/1.0.1/dygraph-combined.js]
[socialblade.com/images/media/icons/fav-youtube.png]
[socialblade.com/images/media/icons/fav-twitch.png]
[socialblade.com/images/media/icons/fav-instagram.png]
[socialblade.com/images/media/icons/fav-twitter.png]
[yt3.ggpht.com/-rJq9gk1QIis/AAAAAAAAAAI/AAAAAAAAAAA/Kx4wkvKOfxY/s88-c-k-no-mo-rj-c0xffffff/photo.jpg]
[edge.quantserve.com/quant.js]
[socialblade.com/js/jquery.odometer.min.js]
[pixel.quantserve.com/pixel/p-faFRxScvpTI4c.gif]
[d31qbv1cthcecs.cloudfront.net/atrk.js]
[d5nxst8fruw4z.cloudfront.net/atrkc921.gif]
[connect.facebook.net/en_US/fbevents.js]
[socialblade.com/images/mobile/google-play-store.png]
[socialblade.com/images/mobile/apple-store.png]
[socialblade.com/images/mobile/chrome-extensions.png]
[socialblade.com/images/certified67d9.png]
[socialblade.com/js/jquery-ui.min2ed8.js]
[socialblade.com/js/search-menu2ed8.js]
[socialblade.com/js/sb2ed8.js]
[socialblade.com/js/cookie.js]
[www.google.com/recaptcha/api.js]
[socialblade.com/js/jquery.odometer.min2ed8.js]
[socialblade.com/youtube/user/pewdiepie/realtime.html]
[cdnjs.cloudflare.com/ajax/libs/toastr.js/latest/toastr.min.js]
[socialblade.com/images/background.png]
[socialblade.com/css/main2ed8.css]
[socialblade.com/css/jquery.nouislider.min.css]
[socialblade.com/css/flip/odometer-theme-car2ed8.css]
[socialblade.com/css/flip/odometer-theme-minimal.css]
[code.highcharts.com/highcharts.js]
[socialblade.com/images/media/red/5.png]
[socialblade.com/css/realtime2ed8.css]
[socialblade.com/css/jquery.tags2ed8.css]
[edge.quantserve.com/quant.js]
[connect.facebook.net/en_US/fbevents.js]
